// Jest Snapshot v1, https://goo.gl/fbAQLP

exports[`<RemoveFRomCart /> renders and matches the snapshot 1`] = `
<button
  className="RemoveFromCart__BigButton-emvtd6-0 dhOPnZ"
  disabled={false}
  onClick={[Function]}
  title="Delete Item"
>
  Ã—
</button>
`;
